
 Start  Stop   Length Name               Class

 00000H 03BF1H 03BF2H _TEXT              CODE
 03BF2H 0420FH 0061EH MKREADME_TEXT      CODE
 04210H 046E0H 004D1H DECKEY_TEXT        CODE
 046E1H 058F2H 01212H DATE_TEXT          CODE
 058F3H 067F2H 00F00H DSTRING_TEXT       CODE
 067F3H 06A32H 00240H MISC_TEXT          CODE
 06A33H 06AFDH 000CBH CRC16_TEXT         CODE
 06AFEH 06C42H 00145H CRC32_TEXT         CODE
 06C43H 06CA8H 00066H FORM_TEXT          CODE
 06CAAH 06DC3H 0011AH MSDOS_TEXT         CODE
 06DC4H 072C4H 00501H FNAME_TEXT         CODE
 072C5H 0841BH 01157H FILE_TEXT          CODE
 08420H 08420H 00000H _FARDATA           FAR_DATA
 08420H 08420H 00000H _FARBSS            FAR_BSS
 08420H 08420H 00000H _OVERLAY_          OVRINFO
 08420H 08420H 00000H _1STUB_            STUBSEG
 08420H 09D3CH 0191DH _DATA              DATA
 09D3EH 09D3FH 00002H _CVTSEG            DATA
 09D40H 09D45H 00006H _SCNSEG            DATA
 09D46H 09D46H 00000H _CONST             CONST
 09D46H 09D5DH 00018H _INIT_             INITDATA
 09D5EH 09D5EH 00000H _INITEND_          INITDATA
 09D5EH 09D5EH 00000H _EXIT_             EXITDATA
 09D5EH 09D5EH 00000H _EXITEND_          EXITDATA
 09D5EH 0C3A1H 02644H _BSS               BSS
 0C3A2H 0C3A2H 00000H _BSSEND            BSSEND
 0C3B0H 0C42FH 00080H _STACK             STACK

Program entry point at 0000:0000

