
 Start  Stop   Length Name               Class

 00000H 05557H 05558H _TEXT              CODE
 05558H 084F5H 02F9EH INSTALL_TEXT       CODE
 084F6H 09461H 00F6CH LZHUF_TEXT         CODE
 09462H 098C0H 0045FH EDITDIR_TEXT       CODE
 098C1H 09E26H 00566H READCFG_TEXT       CODE
 09E27H 0A4FEH 006D8H PB_LIB_TEXT        CODE
 0A4FFH 0CDF5H 028F7H USER_TEXT          CODE
 0CDF6H 0E32CH 01537H DATE_TEXT          CODE
 0E32DH 0E5AAH 0027EH DIRSCAN_TEXT       CODE
 0E5ACH 0E5E3H 00038H FIND_TEXT          CODE
 0E5E4H 0F561H 00F7EH DSTRING_TEXT       CODE
 0F562H 0F5DBH 0007AH SOUND_TEXT         CODE
 0F5DCH 0F8FFH 00324H MISC_TEXT          CODE
 0F900H 0F9D3H 000D4H CRC16_TEXT         CODE
 0F9D4H 0FB18H 00145H CRC32_TEXT         CODE
 0FB19H 0FF22H 0040AH FUZZY_TEXT         CODE
 0FF23H 11A3AH 01B18H FORM_TEXT          CODE
 11A3CH 11B55H 0011AH MSDOS_TEXT         CODE
 11B56H 12074H 0051FH FNAME_TEXT         CODE
 12075H 133A6H 01332H FILE_TEXT          CODE
 133A7H 13A2CH 00686H DIRFUNC_TEXT       CODE
 13A2DH 13C7FH 00253H COPYFILE_TEXT      CODE
 13C80H 13DE2H 00163H INIT_TEXT          CODE
 13DE3H 13F36H 00154H KEYBOARD_TEXT      CODE
 13F37H 143DCH 004A6H RECTANG_TEXT       CODE
 143DDH 14EF0H 00B14H SCAN_TEXT          CODE
 14EF1H 15B12H 00C22H SELECT_TEXT        CODE
 15B13H 176EEH 01BDCH WINDOW_TEXT        CODE
 176F0H 17BA0H 004B1H PWS_ASM_TEXT       CODE
 17BA1H 17CBDH 0011DH RESTORE_TEXT       CODE
 17CBEH 17D6BH 000AEH GAUGE_TEXT         CODE
 17D6CH 17F80H 00215H SAVEBUF_TEXT       CODE
 17F81H 1820FH 0028FH SELBOX_TEXT        CODE
 18210H 1829BH 0008CH TSW_ASM_TEXT       CODE
 182A0H 182A0H 00000H _FARDATA           FAR_DATA
 182A0H 182A0H 00000H _FARBSS            FAR_BSS
 182A0H 182A0H 00000H _OVERLAY_          OVRINFO
 182A0H 182A0H 00000H _1STUB_            STUBSEG
 182A0H 1AACBH 0282CH _DATA              DATA
 1AACCH 1AACDH 00002H _CVTSEG            DATA
 1AACEH 1AAD3H 00006H _SCNSEG            DATA
 1AAD4H 1AAD4H 00000H _CONST             CONST
 1AAD4H 1AB03H 00030H _INIT_             INITDATA
 1AB04H 1AB04H 00000H _INITEND_          INITDATA
 1AB04H 1AB15H 00012H _EXIT_             EXITDATA
 1AB16H 1AB16H 00000H _EXITEND_          EXITDATA
 1AB16H 23E13H 092FEH _BSS               BSS
 23E14H 23E14H 00000H _BSSEND            BSSEND
 23E20H 23E9FH 00080H _STACK             STACK

Program entry point at 0000:0000

