
 Start  Stop   Length Name               Class

 00000H 00A62H 00A63H PBSDK_TEXT         CODE
 00A63H 017CDH 00D6BH LOC_PROT_TEXT      CODE
 017CEH 02A0BH 0123EH DATE_TEXT          CODE
 02A0CH 02C84H 00279H DIRSCAN_TEXT       CODE
 02C86H 02CBDH 00038H FIND_TEXT          CODE
 02CBEH 03BCAH 00F0DH DSTRING_TEXT       CODE
 03BCCH 03BECH 00021H CRC_TEXT           CODE
 03BEDH 03E2CH 00240H MISC_TEXT          CODE
 03E2DH 04022H 001F6H CRC32_TEXT         CODE
 04024H 0413DH 0011AH MSDOS_TEXT         CODE
 0413EH 04612H 004D5H FNAME_TEXT         CODE
 04613H 05786H 01174H FILE_TEXT          CODE
 05787H 0598FH 00209H DIRFUNC_TEXT       CODE
 05990H 05BCDH 0023EH COPYFILE_TEXT      CODE
 05BCEH 064A3H 008D6H _DATA              DATA
 064A4H 064A4H 00000H XIFB               DATA
 064A4H 064A4H 00000H XIF                DATA
 064A4H 064A4H 00000H XIFE               DATA
 064A4H 064A4H 00000H XCFB               DATA
 064A4H 064A4H 00000H XCF                DATA
 064A4H 064A4H 00000H XCFE               DATA
 064A4H 064A4H 00000H _INIT_             INITDATA
 064A4H 064A4H 00000H _INITEND_          INITDATA
 064A4H 064A9H 00006H _EXIT_             EXITDATA
 064AAH 064AAH 00000H _EXITEND_          EXITDATA
 064AAH 064AAH 00000H CONST              CONST
 064AAH 064B5H 0000CH _BSS               BSS
 064B6H 064B6H 00000H c_common           BSS
 064B6H 064B6H 00000H FAR_BSS            FAR_BSS
 064C0H 065BFH 00100H STACK              STACK

Program entry point at 0000:0018

