
 Start  Stop   Length Name               Class

 00000H 00A62H 00A63H PBSDK_TEXT         CODE
 00A63H 01EE9H 01487H _GRAPH_TEXT        CODE
 01EEAH 0263BH 00752H CPPDATE_TEXT       CODE
 0263CH 0271CH 000E1H _TEXT              CODE
 0271EH 02EBDH 007A0H _DATA              DATA
 02EBEH 02EBEH 00000H XIFB               DATA
 02EBEH 02EBEH 00000H XIF                DATA
 02EBEH 02EBEH 00000H XIFE               DATA
 02EBEH 02EBEH 00000H XCFB               DATA
 02EBEH 02EBEH 00000H XCF                DATA
 02EBEH 02EBEH 00000H XCFE               DATA
 02EBEH 02EBEH 00000H _INIT_             INITDATA
 02EBEH 02EBEH 00000H _INITEND_          INITDATA
 02EBEH 02EBEH 00000H _EXIT_             EXITDATA
 02EBEH 02EBEH 00000H _EXITEND_          EXITDATA
 02EBEH 02EBEH 00000H CONST              CONST
 02EBEH 02EC1H 00004H _BSS               BSS
 02EC2H 02EC2H 00000H c_common           BSS
 02EC2H 02EC2H 00000H FAR_BSS            FAR_BSS
 02ED0H 02FCFH 00100H STACK              STACK

Program entry point at 0000:0018

