
 Start  Stop   Length Name               Class

 00000H 00A62H 00A63H PBSDK_TEXT         CODE
 00A63H 00AC1H 0005FH PBFSED_TEXT        CODE
 00AC2H 0105FH 0059EH ABBREV_TEXT        CODE
 01060H 0121BH 001BCH ANSI_TEXT          CODE
 0121CH 01E2FH 00C14H APPLICAT_TEXT      CODE
 01E30H 01FE9H 001BAH AVATAR_TEXT        CODE
 01FEAH 022D5H 002ECH BANNER_TEXT        CODE
 022D6H 02ABAH 007E5H CLPBOARD_TEXT      CODE
 02ABBH 02E42H 00388H CONLINE_TEXT       CODE
 02E43H 034C1H 0067FH CONSOLE_TEXT       CODE
 034C2H 03652H 00191H CURSOR_TEXT        CODE
 03653H 03CCAH 00678H DATE_TEXT          CODE
 03CCBH 0471EH 00A54H EDITOR_TEXT        CODE
 04720H 04817H 000F8H FORMAT_TEXT        CODE
 04818H 048F5H 000DEH HANDLER_TEXT       CODE
 048F6H 04C5EH 00369H HEADER_TEXT        CODE
 04C5FH 05090H 00432H KEYBOARD_TEXT      CODE
 05091H 053EAH 0035AH LANGUAGE_TEXT      CODE
 053EBH 058CFH 004E5H MENU_TEXT          CODE
 058D0H 05BFAH 0032BH MESSAGE_TEXT       CODE
 05BFBH 05DAEH 001B4H QUEUE_TEXT         CODE
 05DAFH 05FA5H 001F7H ROWS_TEXT          CODE
 05FA6H 06676H 006D1H SCREEN_TEXT        CODE
 06677H 06E51H 007DBH SETUP_TEXT         CODE
 06E52H 07091H 00240H TERMINAL_TEXT      CODE
 07092H 08E69H 01DD8H TEXT_TEXT          CODE
 08E6AH 08F90H 00127H TIMER_TEXT         CODE
 08F91H 09283H 002F3H USESTAMP_TEXT      CODE
 09284H 095FBH 00378H VIDEO_TEXT         CODE
 095FCH 096FFH 00104H VIDEORAM_TEXT      CODE
 09700H 097E0H 000E1H _TEXT              CODE
 097E2H 0A1DDH 009FCH _DATA              DATA
 0A1DEH 0A1DEH 00000H XIFB               DATA
 0A1DEH 0A1DEH 00000H XIF                DATA
 0A1DEH 0A1DEH 00000H XIFE               DATA
 0A1DEH 0A1DEH 00000H XCFB               DATA
 0A1DEH 0A1DEH 00000H XCF                DATA
 0A1DEH 0A1DEH 00000H XCFE               DATA
 0A1DEH 0A1DEH 00000H _INIT_             INITDATA
 0A1DEH 0A1DEH 00000H _INITEND_          INITDATA
 0A1DEH 0A1DEH 00000H _EXIT_             EXITDATA
 0A1DEH 0A1DEH 00000H _EXITEND_          EXITDATA
 0A1DEH 0A1DEH 00000H CONST              CONST
 0A1DEH 0A910H 00733H _BSS               BSS
 0A912H 0A912H 00000H c_common           BSS
 0A912H 0A912H 00000H FAR_BSS            FAR_BSS
 0A920H 0AA1FH 00100H STACK              STACK

Program entry point at 0000:0018

