
 Start  Stop   Length Name               Class

 00000H 00A62H 00A63H PBSDK_TEXT         CODE
 00A63H 00AC1H 0005FH TEDITLTE_TEXT      CODE
 00AC2H 0105FH 0059EH ABBREV_TEXT        CODE
 01060H 0121BH 001BCH ANSI_TEXT          CODE
 0121CH 02449H 0122EH APPLICAT_TEXT      CODE
 0244AH 02603H 001BAH AVATAR_TEXT        CODE
 02604H 02A42H 0043FH BANNER_TEXT        CODE
 02A43H 03227H 007E5H CLPBOARD_TEXT      CODE
 03228H 035AFH 00388H CONLINE_TEXT       CODE
 035B0H 03C2EH 0067FH CONSOLE_TEXT       CODE
 03C2FH 03DBFH 00191H CURSOR_TEXT        CODE
 03DC0H 04437H 00678H DATE_TEXT          CODE
 04438H 04E8BH 00A54H EDITOR_TEXT        CODE
 04E8CH 04F83H 000F8H FORMAT_TEXT        CODE
 04F84H 05061H 000DEH HANDLER_TEXT       CODE
 05062H 05621H 005C0H HEADER_TEXT        CODE
 05622H 05A53H 00432H KEYBOARD_TEXT      CODE
 05A54H 05D74H 00321H LANGUAGE_TEXT      CODE
 05D75H 064E9H 00775H MENU_TEXT          CODE
 064EAH 06814H 0032BH MESSAGE_TEXT       CODE
 06815H 069C8H 001B4H QUEUE_TEXT         CODE
 069C9H 06BBFH 001F7H ROWS_TEXT          CODE
 06BC0H 07290H 006D1H SCREEN_TEXT        CODE
 07291H 0812BH 00E9BH SETUP_TEXT         CODE
 0812CH 0836BH 00240H TERMINAL_TEXT      CODE
 0836CH 0A1A3H 01E38H TEXT_TEXT          CODE
 0A1A4H 0A2CAH 00127H TIMER_TEXT         CODE
 0A2CBH 0A5BDH 002F3H USESTAMP_TEXT      CODE
 0A5BEH 0A935H 00378H VIDEO_TEXT         CODE
 0A936H 0AA39H 00104H VIDEORAM_TEXT      CODE
 0AA3AH 0AB1AH 000E1H _TEXT              CODE
 0AB1CH 0BAF3H 00FD8H _DATA              DATA
 0BAF4H 0BAF4H 00000H XIFB               DATA
 0BAF4H 0BAF4H 00000H XIF                DATA
 0BAF4H 0BAF4H 00000H XIFE               DATA
 0BAF4H 0BAF4H 00000H XCFB               DATA
 0BAF4H 0BAF4H 00000H XCF                DATA
 0BAF4H 0BAF4H 00000H XCFE               DATA
 0BAF4H 0BAF4H 00000H _INIT_             INITDATA
 0BAF4H 0BAF4H 00000H _INITEND_          INITDATA
 0BAF4H 0BAF4H 00000H _EXIT_             EXITDATA
 0BAF4H 0BAF4H 00000H _EXITEND_          EXITDATA
 0BAF4H 0BAF4H 00000H CONST              CONST
 0BAF4H 0C226H 00733H _BSS               BSS
 0C228H 0C228H 00000H c_common           BSS
 0C228H 0C228H 00000H FAR_BSS            FAR_BSS
 0C230H 0C32FH 00100H STACK              STACK

Program entry point at 0000:0018

