
 Start  Stop   Length Name               Class

 00000H 00A62H 00A63H PBSDK_TEXT         CODE
 00A63H 0398DH 02F2BH QWK_TEXT           CODE
 0398EH 04BCBH 0123EH DATE_TEXT          CODE
 04BCCH 04E44H 00279H DIRSCAN_TEXT       CODE
 04E46H 04E7DH 00038H FIND_TEXT          CODE
 04E7EH 05D8AH 00F0DH DSTRING_TEXT       CODE
 05D8CH 05DACH 00021H CRC_TEXT           CODE
 05DADH 05FECH 00240H MISC_TEXT          CODE
 05FEDH 061E2H 001F6H CRC32_TEXT         CODE
 061E4H 062FDH 0011AH MSDOS_TEXT         CODE
 062FEH 067D2H 004D5H FNAME_TEXT         CODE
 067D3H 07946H 01174H FILE_TEXT          CODE
 07947H 079A3H 0005DH _TEXT              CODE
 079A4H 08F1DH 0157AH _DATA              DATA
 08F1EH 08F1EH 00000H XIFB               DATA
 08F1EH 08F1EH 00000H XIF                DATA
 08F1EH 08F1EH 00000H XIFE               DATA
 08F1EH 08F1EH 00000H XCFB               DATA
 08F1EH 08F1EH 00000H XCF                DATA
 08F1EH 08F1EH 00000H XCFE               DATA
 08F1EH 08F23H 00006H _INIT_             INITDATA
 08F24H 08F24H 00000H _INITEND_          INITDATA
 08F24H 08F29H 00006H _EXIT_             EXITDATA
 08F2AH 08F2AH 00000H _EXITEND_          EXITDATA
 08F2AH 08F2AH 00000H CONST              CONST
 08F2AH 08F45H 0001CH _BSS               BSS
 08F46H 08F46H 00000H c_common           BSS
 08F46H 08F46H 00000H FAR_BSS            FAR_BSS
 08F50H 0904FH 00100H STACK              STACK

Program entry point at 0000:0018

