
 Start  Stop   Length Name               Class

 00000H 03F13H 03F14H _TEXT              CODE
 03F14H 05058H 01145H GENKEY_TEXT        CODE
 05059H 058CCH 00874H COMPKEY_TEXT       CODE
 058CDH 06ADEH 01212H DATE_TEXT          CODE
 06ADFH 079DEH 00F00H DSTRING_TEXT       CODE
 079DFH 07A43H 00065H SOUND_TEXT         CODE
 07A44H 07D45H 00302H MISC_TEXT          CODE
 07D46H 07E10H 000CBH CRC16_TEXT         CODE
 07E11H 07F55H 00145H CRC32_TEXT         CODE
 07F56H 0992DH 019D8H FORM_TEXT          CODE
 0992EH 09A47H 0011AH MSDOS_TEXT         CODE
 09A48H 09F48H 00501H FNAME_TEXT         CODE
 09F49H 0B09FH 01157H FILE_TEXT          CODE
 0B0A0H 0B1F4H 00155H INIT_TEXT          CODE
 0B1F5H 0B325H 00131H KEYBOARD_TEXT      CODE
 0B326H 0B4C6H 001A1H RECTANG_TEXT       CODE
 0B4C7H 0BF72H 00AACH SCAN_TEXT          CODE
 0BF73H 0C9C8H 00A56H SELECT_TEXT        CODE
 0C9C9H 0DFECH 01624H WINDOW_TEXT        CODE
 0DFEEH 0E49EH 004B1H PWS_ASM_TEXT       CODE
 0E49FH 0E5A1H 00103H RESTORE_TEXT       CODE
 0E5A2H 0E78AH 001E9H SAVEBUF_TEXT       CODE
 0E78BH 0E9F4H 0026AH SELBOX_TEXT        CODE
 0E9F5H 0EA7AH 00086H TSW_ASM_TEXT       CODE
 0EA80H 0EA80H 00000H _FARDATA           FAR_DATA
 0EA80H 0EA80H 00000H _FARBSS            FAR_BSS
 0EA80H 0EA80H 00000H _OVERLAY_          OVRINFO
 0EA80H 0EA80H 00000H _1STUB_            STUBSEG
 0EA80H 10685H 01C06H _DATA              DATA
 10686H 10687H 00002H _CVTSEG            DATA
 10688H 1068DH 00006H _SCNSEG            DATA
 1068EH 1068EH 00000H _CONST             CONST
 1068EH 106B1H 00024H _INIT_             INITDATA
 106B2H 106B2H 00000H _INITEND_          INITDATA
 106B2H 106B7H 00006H _EXIT_             EXITDATA
 106B8H 106B8H 00000H _EXITEND_          EXITDATA
 106B8H 18FB9H 08902H _BSS               BSS
 18FBAH 18FBAH 00000H _BSSEND            BSSEND
 18FC0H 1903FH 00080H _STACK             STACK

Program entry point at 0000:0000

