[255D[40m
[0;1m[16C[0;1mÉÍ» ÉÍ» ÉÍÍ» Ë ÉÍ» Ë    ÉÍ» ÉÍ» ËÍÍ ÉÍ» Ë Ë  Ë
[16C[0;1;31mº ÈÍ¼ º ÌÍÍ¹ º º º º    º ÈÍ¼ º ÌÍÍ º º º º  º
[16C[0;31mÊ[5CÊ Ê  Ê Ê Ê ÈÍ¼    Ê[5CÊ ÊÍÍ Ê ÈÍ¼ ÈÍÍ¼

 [0;34m°±²[0;34;44m                                                                        [0;34m²±°
 °±²[0;34;44m   [0;34;46m                   [0;30;44mÜ   [0;30;46m                   [0;30;44mÜ   [0;30;46m                    [0;30;44mÜ  [0;34m²±°
 °±²[0;34;44m   [0;34;46m       [0;1;33;46mF[0;1;46mILES       [0;30;44mÛ   [0;30;46m     [0;1;33;46mU[0;1;46mTILITIES     [0;30;44mÛ   [0;30;46m      [0;1;33;46mM[0;1;46mESSAGES      [0;30;44mÛ  [0;34m²±°
 °±²[0;34;44m   [0;34;46m                   [0;30;44mÛ   [0;30;46m                   [0;30;44mÛ   [0;30;46m                    [0;30;44mÛ  [0;34m²±°
 °±²[0;34;44m    [0;30;44mßßßßßßßßßßßßßßßßßßß    ßßßßßßßßßßßßßßßßßßß    ßßßßßßßßßßßßßßßßßßßß  [0;34m²±°
 °±²[0;34;44m                                                                        [0;34m²±°
 °±²[0;1;44mÚÄÄÄÄÄÄÄÄÄÄÄÄÄÄÄÄÄÄÄÄÄÄÄ¿   [0;1;33;44mGlobal Commands   [0;1;44mÚÄÄÄÄÄÄÄÄÄÄÄÄÄÄÄÄÄÄÄÄÄÄÄÄ¿[0;34m²±°
 °±²[0;1;44m³[0;35;44m°±²[0;35;45m [0;1;45m[#] Page SysOp [0;35;44m²±° [0;1;44mÃÄÄÄÄÄÄÄÄÄÄÄÄÄÄÄÄÄÄÄÄÄ´ [0;35;44m°±²[0;35;45m [0;1;45m[%] Alter Setup [0;35;44m²±°[0;1;44m³[0;34m²±°
 °±²[0;1;44m³[0;35;44m°±²[0;35;45m [0;1;45m[!] Log Off    [0;35;44m²±° [0;1;44m³[0;35;44m°±²[0;35;45m [0;1;45m[-] Prev Menu [0;35;44m²±°[0;1;44m³ [0;35;44m°±²[0;35;45m [0;1;45m[$] Note->SysOp [0;35;44m²±°[0;1;44m³[0;34m²±°
 °±²[0;1;44mÀÄÄÄÄÄÄÄÄÄÄÄÄÄÄÄÄÄÄÄÄÄÄÄ´[0;35;44m°±²[0;35;45m [0;1;45m[*] Top  Menu [0;35;44m²±°[0;1;44mÃÄÄÄÄÄÄÄÄÄÄÄÄÄÄÄÄÄÄÄÄÄÄÄÄÙ[0;34m²±°
 °±²[0;34;44m                        [0;1;44mÀÄÄÄÄÄÄÄÄÄÄÄÄÄÄÄÄÄÄÄÄÄÙ                         [0;34m²±°
 °±²[0;34;44m                                                                        [0;34m²±°[0m
